1719.lean:2:8-2:12: error: Invalid dotted identifier notation: The expected type of `.inl` is a metavariable:
  ?m
