496.lean:3:4-3:8: error(Lean.DependsOnNoncomputable): axiom 'foo' not supported by code generator; consider marking definition as 'noncomputable'
496.lean:9:4-9:8: error(Lean.DependsOnNoncomputable): failed to compile definition, consider marking it as 'noncomputable' because it depends on 'bla1', which is 'noncomputable'
