matchOrIssue.lean:7:10-7:13: error: Invalid pattern: Constructor or constant marked with `[match_pattern]` expected
