redundantAlt.lean:5:1-5:9: error: Redundant alternative: Expressions matching
  2
will always match one of the preceding alternatives
redundantAlt.lean:7:1-7:9: error: Redundant alternative: Expressions matching
  3
will always match one of the preceding alternatives
