{"version": 1,
 "uri": "file:///strInterpSynthError.lean",
 "diagnostics":
 [{"source": "Lean 4",
   "severity": 1,
   "range":
   {"start": {"line": 16, "character": 25},
    "end": {"line": 16, "character": 28}},
   "message":
   "failed to synthesize\n  ToString Bar\n\nAdditional diagnostic information may be available using the `set_option diagnostics true` command.",
   "fullRange":
   {"start": {"line": 16, "character": 25},
    "end": {"line": 16, "character": 28}}},
  {"source": "Lean 4",
   "severity": 1,
   "range":
   {"start": {"line": 21, "character": 15},
    "end": {"line": 21, "character": 18}},
   "message":
   "failed to synthesize\n  ToString Bar\n\nAdditional diagnostic information may be available using the `set_option diagnostics true` command.",
   "fullRange":
   {"start": {"line": 21, "character": 15},
    "end": {"line": 21, "character": 18}}},
  {"source": "Lean 4",
   "severity": 1,
   "range":
   {"start": {"line": 27, "character": 17},
    "end": {"line": 27, "character": 20}},
   "message":
   "failed to synthesize\n  ToString Bar\n\nAdditional diagnostic information may be available using the `set_option diagnostics true` command.",
   "fullRange":
   {"start": {"line": 27, "character": 17},
    "end": {"line": 27, "character": 20}}}]}
